ironghost@SKIronGhost-HP-15-PC:~$ ls
Desktop    Downloads   Music     Public  Templates  xSwipe-master
Documents  master.zip  Pictures  snap    Videos
ironghost@SKIronGhost-HP-15-PC:~$ cd ..
ironghost@SKIronGhost-HP-15-PC:/home$ ls
ironghost  lost+found
ironghost@SKIronGhost-HP-15-PC:/home$ cd ironghost/
ironghost@SKIronGhost-HP-15-PC:~$ pwd
/home/ironghost
ironghost@SKIronGhost-HP-15-PC:~$ cd
ironghost@SKIronGhost-HP-15-PC:~$ ls /s
ls: cannot access '/s': No such file or directory
ironghost@SKIronGhost-HP-15-PC:~$ open

Command 'open' not found, did you mean:

  command 'gopen' from deb gnustep-gui-runtime (0.27.0-5build2)
  command 'pen' from deb pen (0.34.1-1build1)
  command 'wopen' from deb gworkspace.app (0.9.4-2)

Try: sudo apt install <deb name>

ironghost@SKIronGhost-HP-15-PC:~$ ls
Desktop    Downloads   Music     Public  Templates  xSwipe-master
Documents  master.zip  Pictures  snap    Videos
ironghost@SKIronGhost-HP-15-PC:~$ Desktop open
Desktop: command not found
ironghost@SKIronGhost-HP-15-PC:~$ open Desktop

Command 'open' not found, did you mean:

  command 'gopen' from deb gnustep-gui-runtime (0.27.0-5build2)
  command 'pen' from deb pen (0.34.1-1build1)
  command 'wopen' from deb gworkspace.app (0.9.4-2)

Try: sudo apt install <deb name>

ironghost@SKIronGhost-HP-15-PC:~$ que hace diferente a una mancuerna de otraopen master.zip

Command 'que' not found, did you mean:

  command 'vue' from snap vue (3.3.0)
  command 'qube' from deb avogadro-utils (1.93.0-3)

See 'snap info <snapname>' for additional versions.

ironghost@SKIronGhost-HP-15-PC:~$ open master.zip 

Command 'open' not found, did you mean:

  command 'pen' from deb pen (0.34.1-1build1)
  command 'gopen' from deb gnustep-gui-runtime (0.27.0-5build2)
  command 'wopen' from deb gworkspace.app (0.9.4-2)

Try: sudo apt install <deb name>

ironghost@SKIronGhost-HP-15-PC:~$ cd D
Desktop/   Documents/ Downloads/ 
ironghost@SKIronGhost-HP-15-PC:~$ ls
Desktop    Downloads   Music     Public  Templates  xSwipe-master
Documents  master.zip  Pictures  snap    Videos
ironghost@SKIronGhost-HP-15-PC:~$ cd Desktop/
ironghost@SKIronGhost-HP-15-PC:~/Desktop$ mkdir test
ironghost@SKIronGhost-HP-15-PC:~/Desktop$ ls
test
ironghost@SKIronGhost-HP-15-PC:~/Desktop$ cd test/
ironghost@SKIronGhost-HP-15-PC:~/Desktop/test$ touch index.html
ironghost@SKIronGhost-HP-15-PC:~/Desktop/test$ touch style.css
ironghost@SKIronGhost-HP-15-PC:~/Desktop/test$ cp index.html
cp: missing destination file operand after 'index.html'
Try 'cp --help' for more information.
ironghost@SKIronGhost-HP-15-PC:~/Desktop/test$ cp index.html index_2.html
ironghost@SKIronGhost-HP-15-PC:~/Desktop/test$ ls
index_2.html  index.html  style.css
ironghost@SKIronGhost-HP-15-PC:~/Desktop/test$ cd ..
ironghost@SKIronGhost-HP-15-PC:~/Desktop$ mkdir destiny
ironghost@SKIronGhost-HP-15-PC:~/Desktop$ ls
destiny  test
ironghost@SKIronGhost-HP-15-PC:~/Desktop$ mv test/index_2.html destiny
ironghost@SKIronGhost-HP-15-PC:~/Desktop$ cd destiny/
ironghost@SKIronGhost-HP-15-PC:~/Desktop/destiny$ ls
index_2.html
ironghost@SKIronGhost-HP-15-PC:~/Desktop/destiny$ cd..
cd..: command not found
ironghost@SKIronGhost-HP-15-PC:~/Desktop/destiny$ cd..
cd..: command not found
ironghost@SKIronGhost-HP-15-PC:~/Desktop/destiny$ cd .
ironghost@SKIronGhost-HP-15-PC:~/Desktop/destiny$ cd ..
ironghost@SKIronGhost-HP-15-PC:~/Desktop$ cd test/
ironghost@SKIronGhost-HP-15-PC:~/Desktop/test$ ls
index.html  style.css
ironghost@SKIronGhost-HP-15-PC:~/Desktop/test$ cd ..
ironghost@SKIronGhost-HP-15-PC:~/Desktop$ cd ..
ironghost@SKIronGhost-HP-15-PC:~$ cd Desktop/
ironghost@SKIronGhost-HP-15-PC:~/Desktop$ cd test/
ironghost@SKIronGhost-HP-15-PC:~/Desktop/test$ rm style.css 
ironghost@SKIronGhost-HP-15-PC:~/Desktop/test$ ls
index.html
ironghost@SKIronGhost-HP-15-PC:~/Desktop/test$ cd ..
ironghost@SKIronGhost-HP-15-PC:~/Desktop$ rm destiny/
rm: cannot remove 'destiny/': Is a directory
ironghost@SKIronGhost-HP-15-PC:~/Desktop$ rm -rf destiny/
ironghost@SKIronGhost-HP-15-PC:~/Desktop$ ls
test
ironghost@SKIronGhost-HP-15-PC:~/Desktop$ cd ..
ironghost@SKIronGhost-HP-15-PC:~$ ls
Desktop    Downloads   Music     Public  Templates  xSwipe-master
Documents  master.zip  Pictures  snap    Videos
ironghost@SKIronGhost-HP-15-PC:~$ cd Do
Documents/ Downloads/ 
ironghost@SKIronGhost-HP-15-PC:~$ cd Documents/
ironghost@SKIronGhost-HP-15-PC:~/Documents$ cd Coding_Dojo/
ironghost@SKIronGhost-HP-15-PC:~/Documents/Coding_Dojo$ ls
Examples  index.html  Tasks
ironghost@SKIronGhost-HP-15-PC:~/Documents/Coding_Dojo$ cd Tasks/
ironghost@SKIronGhost-HP-15-PC:~/Documents/Coding_Dojo/Tasks$ ls
0.programming_fundamentals  2.html           4.javascript
1.intro_web_dev_js          3.css_bootstrap  5.jquery
ironghost@SKIronGhost-HP-15-PC:~/Documents/Coding_Dojo/Tasks$ mkdir 6.git
ironghost@SKIronGhost-HP-15-PC:~/Documents/Coding_Dojo/Tasks$ cd 6.git/
ironghost@SKIronGhost-HP-15-PC:~/Documents/Coding_Dojo/Tasks/6.git$ mkdir using_commands
ironghost@SKIronGhost-HP-15-PC:~/Documents/Coding_Dojo/Tasks/6.git$ cd using_commands/
ironghost@SKIronGhost-HP-15-PC:~/Documents/Coding_Dojo/Tasks/6.git/using_commands$ touch commands.txt
ironghost@SKIronGhost-HP-15-PC:~/Documents/Coding_Dojo/Tasks/6.git/using_commands$ open commands.txt

Command 'open' not found, did you mean:

  command 'gopen' from deb gnustep-gui-runtime (0.27.0-5build2)
  command 'pen' from deb pen (0.34.1-1build1)
  command 'wopen' from deb gworkspace.app (0.9.4-2)

Try: sudo apt install <deb name>

ironghost@SKIronGhost-HP-15-PC:~/Documents/Coding_Dojo/Tasks/6.git/using_commands$ open .commands.txt

Command 'open' not found, did you mean:

  command 'pen' from deb pen (0.34.1-1build1)
  command 'wopen' from deb gworkspace.app (0.9.4-2)
  command 'gopen' from deb gnustep-gui-runtime (0.27.0-5build2)

Try: sudo apt install <deb name>

ironghost@SKIronGhost-HP-15-PC:~/Documents/Coding_Dojo/Tasks/6.git/using_commands$ xdg-open commands.txt
ironghost@SKIronGhost-HP-15-PC:~/Documents/Coding_Dojo/Tasks/6.git/using_commands$ top

top - 23:32:59 up 13:57,  1 user,  load average: 1,34, 1,21, 1,34
Tasks: 235 total,   2 running, 232 sleeping,   0 stopped,   1 zombie
%Cpu(s): 12,2 us,  1,8 sy,  0,0 ni, 79,8 id,  5,4 wa,  0,0 hi,  0,7 si,  0,0 st
MiB Mem :   7428,2 total,    679,9 free,   3624,8 used,   3123,5 buff/cache
MiB Swap:  15625,0 total,  15623,0 free,      2,0 used.   3370,1 avail Mem 

    PID USER      PR  NI    VIRT    RES    SHR S  %CPU  %MEM     TIME+ COMMAND  
  32729 irongho+  20   0 9018152 263444 115708 R  37,7   3,5   2:54.86 chrome   
  14349 irongho+  20   0 5634444 559244 138312 S   6,8   7,4 148:41.30 zoom     
   1465 irongho+  20   0  954888 349932 158632 S   1,9   4,6  33:56.47 chrome   
  32775 irongho+  20   0 4667612 145808  91544 S   1,9   1,9   0:23.23 chrome   
   1507 irongho+  20   0  397752 112104  69620 S   1,0   1,5  15:28.16 chrome   
  31489 root      20   0       0      0      0 I   1,0   0,0   0:19.33 kworker+ 
    810 root      20   0 1194192 119732  68540 S   0,5   1,6  74:48.80 Xorg     
   1231 irongho+  20   0  602360  53152  28856 S   0,5   0,7   2:13.87 panel-1+ 
   1538 irongho+  20   0  358232  39432  22136 S   0,5   0,5   0:19.10 chrome   
  27896 irongho+  20   0   14,5g 232244 105364 S   0,5   3,1   2:34.97 code     
  28065 irongho+  20   0 5582888 542648  29892 S   0,5   7,1   1:06.82 java     
  28944 irongho+  20   0  630400  56220  39464 S   0,5   0,7   0:36.10 xfce4-t+ 
  32853 irongho+  20   0 4595368  89556  70184 S   0,5   1,2   0:00.73 chrome   
  32874 irongho+  20   0 4595368  87568  68592 S   0,5   1,2   0:00.66 chrome   
  33164 root      20   0       0      0      0 I   0,5   0,0   0:00.49 kworker+ 
  33457 irongho+  20   0   14516   4308   3548 R   0,5   0,1   0:00.11 top      
      1 root      20   0  167800  11748   8560 S   0,0   0,2   0:03.76 systemd  
ironghost@SKIronGhost-HP-15-PC:~/Documents/Coding_Dojo/Tasks/6.git/using_commands$ top

top - 23:33:57 up 13:58,  1 user,  load average: 1,04, 1,17, 1,32
Tasks: 235 total,   1 running, 233 sleeping,   0 stopped,   1 zombie
%Cpu(s): 16,0 us,  4,0 sy,  0,0 ni, 77,3 id,  0,0 wa,  0,0 hi,  2,7 si,  0,0 st
MiB Mem :   7428,2 total,    684,6 free,   3619,7 used,   3123,9 buff/cache
MiB Swap:  15625,0 total,  15623,0 free,      2,0 used.   3375,2 avail Mem 

    PID USER      PR  NI    VIRT    RES    SHR S  %CPU  %MEM     TIME+ COMMAND  
  32729 irongho+  20   0 9017640 266980 115748 S  43,8   3,5   3:22.49 chrome   
   1197 irongho+  20   0 1178684  81704  50880 S   6,2   1,1  22:23.13 xfwm4    
  14349 irongho+  20   0 5634444 559244 138312 S   6,2   7,4 148:45.46 zoom     
  32775 irongho+  20   0 4667612 143804  91544 S   6,2   1,9   0:24.43 chrome   
  33514 irongho+  20   0   14516   4140   3380 R   6,2   0,1   0:00.03 top      
      1 root      20   0  167800  11748   8560 S   0,0   0,2   0:03.77 systemd  
      2 root      20   0       0      0      0 S   0,0   0,0   0:00.05 kthreadd 
      3 root       0 -20       0      0      0 I   0,0   0,0   0:00.00 rcu_gp   
      4 root       0 -20       0      0      0 I   0,0   0,0   0:00.00 rcu_par+ 
      8 root       0 -20       0      0      0 I   0,0   0,0   0:00.00 mm_perc+ 
      9 root      20   0       0      0      0 S   0,0   0,0   0:04.42 ksoftir+ 
     10 root      20   0       0      0      0 I   0,0   0,0   0:57.27 rcu_sch+ 
     11 root      rt   0       0      0      0 S   0,0   0,0   0:00.31 migrati+ 
     12 root     -51   0       0      0      0 S   0,0   0,0   0:00.00 idle_in+ 
     14 root      20   0       0      0      0 S   0,0   0,0   0:00.00 cpuhp/0  
     15 root      20   0       0      0      0 S   0,0   0,0   0:00.00 cpuhp/1  
     16 root     -51   0       0      0      0 S   0,0   0,0   0:00.00 idle_in+ 
ironghost@SKIronGhost-HP-15-PC:~/Documents/Coding_Dojo/Tasks/6.git/using_commands$ help "sudo"
bash: help: no help topics match `sudo'.  Try `help help' or `man -k sudo' or `info sudo'.
ironghost@SKIronGhost-HP-15-PC:~/Documents/Coding_Dojo/Tasks/6.git/using_commands$ help sudo
bash: help: no help topics match `sudo'.  Try `help help' or `man -k sudo' or `info sudo'.
ironghost@SKIronGhost-HP-15-PC:~/Documents/Coding_Dojo/Tasks/6.git/using_commands$ help help
help: help [-dms] [pattern ...]
    Display information about builtin commands.
    
    Displays brief summaries of builtin commands.  If PATTERN is
    specified, gives detailed help on all commands matching PATTERN,
    otherwise the list of help topics is printed.
    
    Options:
      -d	output short description for each topic
      -m	display usage in pseudo-manpage format
      -s	output only a short usage synopsis for each topic matching
    		PATTERN
    
    Arguments:
      PATTERN	Pattern specifying a help topic
    
    Exit Status:
    Returns success unless PATTERN is not found or an invalid option is given.
ironghost@SKIronGhost-HP-15-PC:~/Documents/Coding_Dojo/Tasks/6.git/using_commands$ help cd
cd: cd [-L|[-P [-e]] [-@]] [dir]
    Change the shell working directory.
    
    Change the current directory to DIR.  The default DIR is the value of the
    HOME shell variable.
    
    The variable CDPATH defines the search path for the directory containing
    DIR.  Alternative directory names in CDPATH are separated by a colon (:).
    A null directory name is the same as the current directory.  If DIR begins
    with a slash (/), then CDPATH is not used.
    
    If the directory is not found, and the shell option `cdable_vars' is set,
    the word is assumed to be  a variable name.  If that variable has a value,
    its value is used for DIR.
    
    Options:
      -L	force symbolic links to be followed: resolve symbolic
    		links in DIR after processing instances of `..'
      -P	use the physical directory structure without following
    		symbolic links: resolve symbolic links in DIR before
    		processing instances of `..'
      -e	if the -P option is supplied, and the current working
    		directory cannot be determined successfully, exit with
    		a non-zero status
      -@	on systems that support it, present a file with extended
    		attributes as a directory containing the file attributes
    
    The default is to follow symbolic links, as if `-L' were specified.
    `..' is processed by removing the immediately previous pathname component
    back to a slash or the beginning of DIR.
    
    Exit Status:
    Returns 0 if the directory is changed, and if $PWD is set successfully when
    -P is used; non-zero otherwise.
ironghost@SKIronGhost-HP-15-PC:~/Documents/Coding_Dojo/Tasks/6.git/using_commands$ help rm
bash: help: no help topics match `rm'.  Try `help help' or `man -k rm' or `info rm'.
ironghost@SKIronGhost-HP-15-PC:~/Documents/Coding_Dojo/Tasks/6.git/using_commands$ whatis rm
rm (1)               - remove files or directories
ironghost@SKIronGhost-HP-15-PC:~/Documents/Coding_Dojo/Tasks/6.git/using_commands$ whatis rm-R
rm-R: nothing appropriate.
ironghost@SKIronGhost-HP-15-PC:~/Documents/Coding_Dojo/Tasks/6.git/using_commands$ whatis r m-R
r: nothing appropriate.
m-R: nothing appropriate.
ironghost@SKIronGhost-HP-15-PC:~/Documents/Coding_Dojo/Tasks/6.git/using_commands$ whatis rm -R
whatis: invalid option -- 'R'
Try 'whatis --help' or 'whatis --usage' for more information.
ironghost@SKIronGhost-HP-15-PC:~/Documents/Coding_Dojo/Tasks/6.git/using_commands$ man rm
ironghost@SKIronGhost-HP-15-PC:~/Documents/Coding_Dojo/Tasks/6.git/using_commands$ script output.txt
Script started, file is output.txt
ironghost@SKIronGhost-HP-15-PC:~/Documents/Coding_Dojo/Tasks/6.git/using_commands$ ls
commands.txt  output.txt
ironghost@SKIronGhost-HP-15-PC:~/Documents/Coding_Dojo/Tasks/6.git/using_commands$ exit
exit
Script done, file is output.txt
ironghost@SKIronGhost-HP-15-PC:~/Documents/Coding_Dojo/Tasks/6.git/using_commands$ xgt-open output.txt 
xgt-open: command not found
ironghost@SKIronGhost-HP-15-PC:~/Documents/Coding_Dojo/Tasks/6.git/using_commands$ xdg-open output.txt 
ironghost@SKIronGhost-HP-15-PC:~/Documents/Coding_Dojo/Tasks/6.git/using_commands$ 
ironghost@SKIronGhost-HP-15-PC:~/Documents/Coding_Dojo/Tasks/6.git/using_commands$ git init
Initialized empty Git repository in /home/ironghost/Documents/Coding_Dojo/Tasks/6.git/using_commands/.git/
ironghost@SKIronGhost-HP-15-PC:~/Documents/Coding_Dojo/Tasks/6.git/using_commands$ cat commands.txt 
xdg-open	Is the correct command to open a file in linux

sudo		Execute a command with superuser privileges

top		List actively running processes
		(CTRL+C or q to exit)

clear		Clear the Terminal screen of all previous commands

help "command"	Get help for a command

whatis "command" Get one-line description for a command

man "command"	Show manual page for a command

script name_file.txt	Start to save your terminal log
			(Use exit command to stop recording)			
ironghost@SKIronGhost-HP-15-PC:~/Documents/Coding_Dojo/Tasks/6.git/using_commands$ 

